===============================================================================
COMMAND : make load-10
CWD     : /Users/nhatnguyen/Desktop/AIA/labs/phase2-track2/TRACK2-DAY20-2A202601155-TRANNGUYENTHENHAT
HOST    : Nhats-MBP-2 | Darwin 23.6.0 arm64
STARTED : 2026-08-20 22:57:36 +07
===============================================================================
[2026-08-20 22:57:46,927] Nhats-MBP-2/INFO/locust.main: Starting Locust 2.46.3
[2026-08-20 22:57:46,940] Nhats-MBP-2/INFO/locust.main: Run time limit set to 60 seconds
Type     Name                                                                          # reqs      # fails |    Avg     Min     Max    Med |   req/s  failures/s
--------|----------------------------------------------------------------------------|-------|-------------|-------|-------|-------|-------|--------|-----------
--------|----------------------------------------------------------------------------|-------|-------------|-------|-------|-------|-------|--------|-----------
         Aggregated                                                                         0     0(0.00%) |      0       0       0      0 |    0.00        0.00

[2026-08-20 22:57:46,941] Nhats-MBP-2/INFO/locust.runners: Ramping to 10 users at a rate of 5.00 per second
[2026-08-20 22:57:47,947] Nhats-MBP-2/INFO/locust.runners: All users spawned: {"LlamaServerUser": 10} (10 total users)
Type     Name                                                                          # reqs      # fails |    Avg     Min     Max    Med |   req/s  failures/s
--------|----------------------------------------------------------------------------|-------|-------------|-------|-------|-------|-------|--------|-----------
POST     short                                                                              1     0(0.00%) |   1932    1932    1932   1932 |    0.00        0.00
--------|----------------------------------------------------------------------------|-------|-------------|-------|-------|-------|-------|--------|-----------
         Aggregated                                                                         1     0(0.00%) |   1932    1932    1932   1932 |    0.00        0.00

Type     Name                                                                          # reqs      # fails |    Avg     Min     Max    Med |   req/s  failures/s
--------|----------------------------------------------------------------------------|-------|-------------|-------|-------|-------|-------|--------|-----------
POST     short                                                                              4     0(0.00%) |   2449    1932    2621   2600 |    0.00        0.00
--------|----------------------------------------------------------------------------|-------|-------------|-------|-------|-------|-------|--------|-----------
         Aggregated                                                                         4     0(0.00%) |   2449    1932    2621   2600 |    0.00        0.00

Type     Name                                                                          # reqs      # fails |    Avg     Min     Max    Med |   req/s  failures/s
--------|----------------------------------------------------------------------------|-------|-------------|-------|-------|-------|-------|--------|-----------
POST     short                                                                              7     0(0.00%) |   2884    1932    3471   2600 |    0.33        0.00
--------|----------------------------------------------------------------------------|-------|-------------|-------|-------|-------|-------|--------|-----------
         Aggregated                                                                         7     0(0.00%) |   2884    1932    3471   2600 |    0.33        0.00

Type     Name                                                                          # reqs      # fails |    Avg     Min     Max    Med |   req/s  failures/s
--------|----------------------------------------------------------------------------|-------|-------------|-------|-------|-------|-------|--------|-----------
POST     long-rag                                                                           1     0(0.00%) |   6508    6508    6508   6508 |    0.00        0.00
POST     short                                                                              9     0(0.00%) |   3363    1932    5958   3500 |    0.80        0.00
--------|----------------------------------------------------------------------------|-------|-------------|-------|-------|-------|-------|--------|-----------
         Aggregated                                                                        10     0(0.00%) |   3677    1932    6508   3500 |    0.80        0.00

Type     Name                                                                          # reqs      # fails |    Avg     Min     Max    Med |   req/s  failures/s
--------|----------------------------------------------------------------------------|-------|-------------|-------|-------|-------|-------|--------|-----------
POST     long-rag                                                                           3     0(0.00%) |   6937    6441    7863   6500 |    0.12        0.00
POST     short                                                                             11     0(0.00%) |   3668    1932    5958   3500 |    1.12        0.00
--------|----------------------------------------------------------------------------|-------|-------------|-------|-------|-------|-------|--------|-----------
         Aggregated                                                                        14     0(0.00%) |   4368    1932    7863   3500 |    1.25        0.00

Type     Name                                                                          # reqs      # fails |    Avg     Min     Max    Med |   req/s  failures/s
--------|----------------------------------------------------------------------------|-------|-------------|-------|-------|-------|-------|--------|-----------
POST     long-rag                                                                           3     0(0.00%) |   6937    6441    7863   6500 |    0.20        0.00
POST     short                                                                             14     0(0.00%) |   3965    1932    5958   3500 |    1.10        0.00
--------|----------------------------------------------------------------------------|-------|-------------|-------|-------|-------|-------|--------|-----------
         Aggregated                                                                        17     0(0.00%) |   4490    1932    7863   4800 |    1.30        0.00

Type     Name                                                                          # reqs      # fails |    Avg     Min     Max    Med |   req/s  failures/s
--------|----------------------------------------------------------------------------|-------|-------------|-------|-------|-------|-------|--------|-----------
POST     long-rag                                                                           3     0(0.00%) |   6937    6441    7863   6500 |    0.30        0.00
POST     short                                                                             17     0(0.00%) |   4045    1932    5958   4100 |    1.30        0.00
--------|----------------------------------------------------------------------------|-------|-------------|-------|-------|-------|-------|--------|-----------
         Aggregated                                                                        20     0(0.00%) |   4478    1932    7863   4300 |    1.60        0.00

Type     Name                                                                          # reqs      # fails |    Avg     Min     Max    Med |   req/s  failures/s
--------|----------------------------------------------------------------------------|-------|-------------|-------|-------|-------|-------|--------|-----------
POST     long-rag                                                                           5     0(0.00%) |   6621    5715    7863   6500 |    0.30        0.00
POST     short                                                                             19     0(0.00%) |   4163    1932    5958   4300 |    1.20        0.00
--------|----------------------------------------------------------------------------|-------|-------------|-------|-------|-------|-------|--------|-----------
         Aggregated                                                                        24     0(0.00%) |   4675    1932    7863   4800 |    1.50        0.00

Type     Name                                                                          # reqs      # fails |    Avg     Min     Max    Med |   req/s  failures/s
--------|----------------------------------------------------------------------------|-------|-------------|-------|-------|-------|-------|--------|-----------
POST     long-rag                                                                           5     0(0.00%) |   6621    5715    7863   6500 |    0.50        0.00
POST     short                                                                             23     0(0.00%) |   4288    1932    5958   4600 |    1.10        0.00
--------|----------------------------------------------------------------------------|-------|-------------|-------|-------|-------|-------|--------|-----------
         Aggregated                                                                        28     0(0.00%) |   4705    1932    7863   4800 |    1.60        0.00

Type     Name                                                                          # reqs      # fails |    Avg     Min     Max    Med |   req/s  failures/s
--------|----------------------------------------------------------------------------|-------|-------------|-------|-------|-------|-------|--------|-----------
POST     long-rag                                                                           5     0(0.00%) |   6621    5715    7863   6500 |    0.40        0.00
POST     short                                                                             27     0(0.00%) |   4300    1932    5958   4500 |    1.20        0.00
--------|----------------------------------------------------------------------------|-------|-------------|-------|-------|-------|-------|--------|-----------
         Aggregated                                                                        32     0(0.00%) |   4662    1932    7863   4800 |    1.60        0.00

Type     Name                                                                          # reqs      # fails |    Avg     Min     Max    Med |   req/s  failures/s
--------|----------------------------------------------------------------------------|-------|-------------|-------|-------|-------|-------|--------|-----------
POST     long-rag                                                                           5     0(0.00%) |   6621    5715    7863   6500 |    0.30        0.00
POST     short                                                                             30     0(0.00%) |   4300    1932    5958   4500 |    1.50        0.00
--------|----------------------------------------------------------------------------|-------|-------------|-------|-------|-------|-------|--------|-----------
         Aggregated                                                                        35     0(0.00%) |   4631    1932    7863   4700 |    1.80        0.00

Type     Name                                                                          # reqs      # fails |    Avg     Min     Max    Med |   req/s  failures/s
--------|----------------------------------------------------------------------------|-------|-------------|-------|-------|-------|-------|--------|-----------
POST     long-rag                                                                           7     0(0.00%) |   6365    4825    7863   6500 |    0.20        0.00
POST     short                                                                             32     0(0.00%) |   4282    1932    5958   4500 |    1.60        0.00
--------|----------------------------------------------------------------------------|-------|-------------|-------|-------|-------|-------|--------|-----------
         Aggregated                                                                        39     0(0.00%) |   4656    1932    7863   4700 |    1.80        0.00

Type     Name                                                                          # reqs      # fails |    Avg     Min     Max    Med |   req/s  failures/s
--------|----------------------------------------------------------------------------|-------|-------------|-------|-------|-------|-------|--------|-----------
POST     long-rag                                                                           7     0(0.00%) |   6365    4825    7863   6500 |    0.20        0.00
POST     short                                                                             35     0(0.00%) |   4301    1932    5958   4500 |    1.60        0.00
--------|----------------------------------------------------------------------------|-------|-------------|-------|-------|-------|-------|--------|-----------
         Aggregated                                                                        42     0(0.00%) |   4645    1932    7863   4600 |    1.80        0.00

Type     Name                                                                          # reqs      # fails |    Avg     Min     Max    Med |   req/s  failures/s
--------|----------------------------------------------------------------------------|-------|-------------|-------|-------|-------|-------|--------|-----------
POST     long-rag                                                                           8     0(0.00%) |   6538    4825    7863   6500 |    0.20        0.00
POST     short                                                                             36     0(0.00%) |   4332    1932    5958   4500 |    1.50        0.00
--------|----------------------------------------------------------------------------|-------|-------------|-------|-------|-------|-------|--------|-----------
         Aggregated                                                                        44     0(0.00%) |   4733    1932    7863   4700 |    1.70        0.00

Type     Name                                                                          # reqs      # fails |    Avg     Min     Max    Med |   req/s  failures/s
--------|----------------------------------------------------------------------------|-------|-------------|-------|-------|-------|-------|--------|-----------
POST     long-rag                                                                          10     0(0.00%) |   6590    4825    7863   6500 |    0.30        0.00
POST     short                                                                             37     0(0.00%) |   4371    1932    5958   4500 |    1.40        0.00
--------|----------------------------------------------------------------------------|-------|-------------|-------|-------|-------|-------|--------|-----------
         Aggregated                                                                        47     0(0.00%) |   4843    1932    7863   4800 |    1.70        0.00

Type     Name                                                                          # reqs      # fails |    Avg     Min     Max    Med |   req/s  failures/s
--------|----------------------------------------------------------------------------|-------|-------------|-------|-------|-------|-------|--------|-----------
POST     long-rag                                                                          11     0(0.00%) |   6569    4825    7863   6500 |    0.40        0.00
POST     short                                                                             41     0(0.00%) |   4443    1932    5958   4600 |    1.10        0.00
--------|----------------------------------------------------------------------------|-------|-------------|-------|-------|-------|-------|--------|-----------
         Aggregated                                                                        52     0(0.00%) |   4893    1932    7863   4800 |    1.50        0.00

Type     Name                                                                          # reqs      # fails |    Avg     Min     Max    Med |   req/s  failures/s
--------|----------------------------------------------------------------------------|-------|-------------|-------|-------|-------|-------|--------|-----------
POST     long-rag                                                                          12     0(0.00%) |   6630    4825    7863   6500 |    0.60        0.00
POST     short                                                                             44     0(0.00%) |   4437    1932    5958   4600 |    0.90        0.00
--------|----------------------------------------------------------------------------|-------|-------------|-------|-------|-------|-------|--------|-----------
         Aggregated                                                                        56     0(0.00%) |   4907    1932    7863   4800 |    1.50        0.00

Type     Name                                                                          # reqs      # fails |    Avg     Min     Max    Med |   req/s  failures/s
--------|----------------------------------------------------------------------------|-------|-------------|-------|-------|-------|-------|--------|-----------
POST     long-rag                                                                          12     0(0.00%) |   6630    4825    7863   6500 |    0.70        0.00
POST     short                                                                             46     0(0.00%) |   4430    1932    5958   4500 |    0.90        0.00
--------|----------------------------------------------------------------------------|-------|-------------|-------|-------|-------|-------|--------|-----------
         Aggregated                                                                        58     0(0.00%) |   4885    1932    7863   4800 |    1.60        0.00

Type     Name                                                                          # reqs      # fails |    Avg     Min     Max    Med |   req/s  failures/s
--------|----------------------------------------------------------------------------|-------|-------------|-------|-------|-------|-------|--------|-----------
POST     long-rag                                                                          13     0(0.00%) |   6521    4825    7863   6500 |    0.50        0.00
POST     short                                                                             48     0(0.00%) |   4413    1932    5958   4500 |    1.20        0.00
--------|----------------------------------------------------------------------------|-------|-------------|-------|-------|-------|-------|--------|-----------
         Aggregated                                                                        61     0(0.00%) |   4862    1932    7863   4800 |    1.70        0.00

Type     Name                                                                          # reqs      # fails |    Avg     Min     Max    Med |   req/s  failures/s
--------|----------------------------------------------------------------------------|-------|-------------|-------|-------|-------|-------|--------|-----------
POST     long-rag                                                                          14     0(0.00%) |   6531    4825    7863   6500 |    0.50        0.00
POST     short                                                                             51     0(0.00%) |   4423    1932    5958   4500 |    1.30        0.00
--------|----------------------------------------------------------------------------|-------|-------------|-------|-------|-------|-------|--------|-----------
         Aggregated                                                                        65     0(0.00%) |   4877    1932    7863   4700 |    1.80        0.00

Type     Name                                                                          # reqs      # fails |    Avg     Min     Max    Med |   req/s  failures/s
--------|----------------------------------------------------------------------------|-------|-------------|-------|-------|-------|-------|--------|-----------
POST     long-rag                                                                          16     0(0.00%) |   6422    4825    7863   6400 |    0.40        0.00
POST     short                                                                             53     0(0.00%) |   4452    1932    5958   4600 |    1.40        0.00
--------|----------------------------------------------------------------------------|-------|-------------|-------|-------|-------|-------|--------|-----------
         Aggregated                                                                        69     0(0.00%) |   4909    1932    7863   4800 |    1.80        0.00

Type     Name                                                                          # reqs      # fails |    Avg     Min     Max    Med |   req/s  failures/s
--------|----------------------------------------------------------------------------|-------|-------------|-------|-------|-------|-------|--------|-----------
POST     long-rag                                                                          16     0(0.00%) |   6422    4825    7863   6400 |    0.40        0.00
POST     short                                                                             56     0(0.00%) |   4489    1932    5958   4600 |    1.30        0.00
--------|----------------------------------------------------------------------------|-------|-------------|-------|-------|-------|-------|--------|-----------
         Aggregated                                                                        72     0(0.00%) |   4919    1932    7863   4800 |    1.70        0.00

Type     Name                                                                          # reqs      # fails |    Avg     Min     Max    Med |   req/s  failures/s
--------|----------------------------------------------------------------------------|-------|-------------|-------|-------|-------|-------|--------|-----------
POST     long-rag                                                                          17     0(0.00%) |   6351    4825    7863   6400 |    0.40        0.00
POST     short                                                                             59     0(0.00%) |   4492    1932    5958   4600 |    1.30        0.00
--------|----------------------------------------------------------------------------|-------|-------------|-------|-------|-------|-------|--------|-----------
         Aggregated                                                                        76     0(0.00%) |   4908    1932    7863   4800 |    1.70        0.00

Type     Name                                                                          # reqs      # fails |    Avg     Min     Max    Med |   req/s  failures/s
--------|----------------------------------------------------------------------------|-------|-------------|-------|-------|-------|-------|--------|-----------
POST     long-rag                                                                          17     0(0.00%) |   6351    4825    7863   6400 |    0.50        0.00
POST     short                                                                             63     0(0.00%) |   4488    1932    5958   4600 |    1.30        0.00
--------|----------------------------------------------------------------------------|-------|-------------|-------|-------|-------|-------|--------|-----------
         Aggregated                                                                        80     0(0.00%) |   4884    1932    7863   4700 |    1.80        0.00

Type     Name                                                                          # reqs      # fails |    Avg     Min     Max    Med |   req/s  failures/s
--------|----------------------------------------------------------------------------|-------|-------------|-------|-------|-------|-------|--------|-----------
POST     long-rag                                                                          17     0(0.00%) |   6351    4825    7863   6400 |    0.40        0.00
POST     short                                                                             66     0(0.00%) |   4455    1932    5958   4500 |    1.30        0.00
--------|----------------------------------------------------------------------------|-------|-------------|-------|-------|-------|-------|--------|-----------
         Aggregated                                                                        83     0(0.00%) |   4843    1932    7863   4700 |    1.70        0.00

Type     Name                                                                          # reqs      # fails |    Avg     Min     Max    Med |   req/s  failures/s
--------|----------------------------------------------------------------------------|-------|-------------|-------|-------|-------|-------|--------|-----------
POST     long-rag                                                                          18     0(0.00%) |   6359    4825    7863   6400 |    0.40        0.00
POST     short                                                                             68     0(0.00%) |   4476    1932    5958   4500 |    1.40        0.00
--------|----------------------------------------------------------------------------|-------|-------------|-------|-------|-------|-------|--------|-----------
         Aggregated                                                                        86     0(0.00%) |   4870    1932    7863   4700 |    1.80        0.00

Type     Name                                                                          # reqs      # fails |    Avg     Min     Max    Med |   req/s  failures/s
--------|----------------------------------------------------------------------------|-------|-------------|-------|-------|-------|-------|--------|-----------
POST     long-rag                                                                          19     0(0.00%) |   6301    4825    7863   6400 |    0.30        0.00
POST     short                                                                             71     0(0.00%) |   4481    1932    5958   4600 |    1.50        0.00
--------|----------------------------------------------------------------------------|-------|-------------|-------|-------|-------|-------|--------|-----------
         Aggregated                                                                        90     0(0.00%) |   4865    1932    7863   4800 |    1.80        0.00

Type     Name                                                                          # reqs      # fails |    Avg     Min     Max    Med |   req/s  failures/s
--------|----------------------------------------------------------------------------|-------|-------------|-------|-------|-------|-------|--------|-----------
POST     long-rag                                                                          19     0(0.00%) |   6301    4825    7863   6400 |    0.30        0.00
POST     short                                                                             75     0(0.00%) |   4457    1932    5958   4500 |    1.50        0.00
--------|----------------------------------------------------------------------------|-------|-------------|-------|-------|-------|-------|--------|-----------
         Aggregated                                                                        94     0(0.00%) |   4830    1932    7863   4700 |    1.80        0.00

[2026-08-20 22:58:44,638] Nhats-MBP-2/INFO/locust.main: --run-time limit reached, shutting down
[2026-08-20 22:58:44,663] Nhats-MBP-2/INFO/locust.main: Shutting down (exit code 0)
Type     Name                                                                          # reqs      # fails |    Avg     Min     Max    Med |   req/s  failures/s
--------|----------------------------------------------------------------------------|-------|-------------|-------|-------|-------|-------|--------|-----------
POST     long-rag                                                                          20     0(0.00%) |   6336    4825    7863   6400 |    0.35        0.00
POST     short                                                                             77     0(0.00%) |   4454    1932    5958   4500 |    1.34        0.00
--------|----------------------------------------------------------------------------|-------|-------------|-------|-------|-------|-------|--------|-----------
         Aggregated                                                                        97     0(0.00%) |   4842    1932    7863   4700 |    1.69        0.00

Response time percentiles (approximated)
Type     Name                                                                                  50%    66%    75%    80%    90%    95%    98%    99%  99.9% 99.99%   100% # reqs
--------|--------------------------------------------------------------------------------|--------|------|------|------|------|------|------|------|------|------|------|------
POST     long-rag                                                                             6500   6600   7000   7300   7700   7900   7900   7900   7900   7900   7900     20
POST     short                                                                                4500   4800   4900   5100   5400   5700   5800   6000   6000   6000   6000     77
--------|--------------------------------------------------------------------------------|--------|------|------|------|------|------|------|------|------|------|------|------
         Aggregated                                                                           4700   5100   5400   5700   6500   7000   7700   7900   7900   7900   7900     97


===============================================================================
FINISHED: 2026-08-20 22:58:44 +07   ELAPSED: 68s   EXIT CODE: 0
===============================================================================
