===============================================================================
COMMAND : make load-50
CWD     : /Users/nhatnguyen/Desktop/AIA/labs/phase2-track2/TRACK2-DAY20-2A202601155-TRANNGUYENTHENHAT
HOST    : Nhats-MBP-2 | Darwin 23.6.0 arm64
STARTED : 2026-08-20 22:58:58 +07
===============================================================================
[2026-08-20 22:58:58,642] Nhats-MBP-2/INFO/locust.main: Starting Locust 2.46.3
[2026-08-20 22:58:58,644] Nhats-MBP-2/INFO/locust.main: Run time limit set to 60 seconds
Type     Name                                                                          # reqs      # fails |    Avg     Min     Max    Med |   req/s  failures/s
--------|----------------------------------------------------------------------------|-------|-------------|-------|-------|-------|-------|--------|-----------
--------|----------------------------------------------------------------------------|-------|-------------|-------|-------|-------|-------|--------|-----------
         Aggregated                                                                         0     0(0.00%) |      0       0       0      0 |    0.00        0.00

[2026-08-20 22:58:58,645] Nhats-MBP-2/INFO/locust.runners: Ramping to 50 users at a rate of 25.00 per second
[2026-08-20 22:58:59,651] Nhats-MBP-2/INFO/locust.runners: All users spawned: {"LlamaServerUser": 50} (50 total users)
Type     Name                                                                          # reqs      # fails |    Avg     Min     Max    Med |   req/s  failures/s
--------|----------------------------------------------------------------------------|-------|-------------|-------|-------|-------|-------|--------|-----------
POST     short                                                                              1     0(0.00%) |   1655    1655    1655   1655 |    0.00        0.00
--------|----------------------------------------------------------------------------|-------|-------------|-------|-------|-------|-------|--------|-----------
         Aggregated                                                                         1     0(0.00%) |   1655    1655    1655   1655 |    0.00        0.00

Type     Name                                                                          # reqs      # fails |    Avg     Min     Max    Med |   req/s  failures/s
--------|----------------------------------------------------------------------------|-------|-------------|-------|-------|-------|-------|--------|-----------
POST     short                                                                              8     0(0.00%) |   2861    1655    3975   2000 |    0.00        0.00
--------|----------------------------------------------------------------------------|-------|-------------|-------|-------|-------|-------|--------|-----------
         Aggregated                                                                         8     0(0.00%) |   2861    1655    3975   2000 |    0.00        0.00

Type     Name                                                                          # reqs      # fails |    Avg     Min     Max    Med |   req/s  failures/s
--------|----------------------------------------------------------------------------|-------|-------------|-------|-------|-------|-------|--------|-----------
POST     short                                                                             12     0(0.00%) |   3777    1655    5900   3600 |    1.00        0.00
--------|----------------------------------------------------------------------------|-------|-------------|-------|-------|-------|-------|--------|-----------
         Aggregated                                                                        12     0(0.00%) |   3777    1655    5900   3600 |    1.00        0.00

Type     Name                                                                          # reqs      # fails |    Avg     Min     Max    Med |   req/s  failures/s
--------|----------------------------------------------------------------------------|-------|-------------|-------|-------|-------|-------|--------|-----------
POST     short                                                                             16     0(0.00%) |   4731    1655    7843   4000 |    1.50        0.00
--------|----------------------------------------------------------------------------|-------|-------------|-------|-------|-------|-------|--------|-----------
         Aggregated                                                                        16     0(0.00%) |   4731    1655    7843   4000 |    1.50        0.00

Type     Name                                                                          # reqs      # fails |    Avg     Min     Max    Med |   req/s  failures/s
--------|----------------------------------------------------------------------------|-------|-------------|-------|-------|-------|-------|--------|-----------
POST     short                                                                             18     0(0.00%) |   5209    1655    9405   5100 |    1.62        0.00
--------|----------------------------------------------------------------------------|-------|-------------|-------|-------|-------|-------|--------|-----------
         Aggregated                                                                        18     0(0.00%) |   5209    1655    9405   5100 |    1.62        0.00

Type     Name                                                                          # reqs      # fails |    Avg     Min     Max    Med |   req/s  failures/s
--------|----------------------------------------------------------------------------|-------|-------------|-------|-------|-------|-------|--------|-----------
POST     short                                                                             21     0(0.00%) |   5928    1655   10638   5900 |    1.78        0.00
--------|----------------------------------------------------------------------------|-------|-------------|-------|-------|-------|-------|--------|-----------
         Aggregated                                                                        21     0(0.00%) |   5928    1655   10638   5900 |    1.78        0.00

Type     Name                                                                          # reqs      # fails |    Avg     Min     Max    Med |   req/s  failures/s
--------|----------------------------------------------------------------------------|-------|-------------|-------|-------|-------|-------|--------|-----------
POST     long-rag                                                                           1     0(0.00%) |  13693   13693   13693  13693 |    0.00        0.00
POST     short                                                                             23     0(0.00%) |   6438    1655   12140   5900 |    2.10        0.00
--------|----------------------------------------------------------------------------|-------|-------------|-------|-------|-------|-------|--------|-----------
         Aggregated                                                                        24     0(0.00%) |   6741    1655   13693   5900 |    2.10        0.00

Type     Name                                                                          # reqs      # fails |    Avg     Min     Max    Med |   req/s  failures/s
--------|----------------------------------------------------------------------------|-------|-------------|-------|-------|-------|-------|--------|-----------
POST     long-rag                                                                           2     0(0.00%) |  13860   13693   14027  14000 |    0.00        0.00
POST     short                                                                             26     0(0.00%) |   7313    1655   14671   7200 |    1.90        0.00
--------|----------------------------------------------------------------------------|-------|-------------|-------|-------|-------|-------|--------|-----------
         Aggregated                                                                        28     0(0.00%) |   7780    1655   14671   7500 |    1.90        0.00

Type     Name                                                                          # reqs      # fails |    Avg     Min     Max    Med |   req/s  failures/s
--------|----------------------------------------------------------------------------|-------|-------------|-------|-------|-------|-------|--------|-----------
POST     long-rag                                                                           2     0(0.00%) |  13860   13693   14027  14000 |    0.20        0.00
POST     short                                                                             27     0(0.00%) |   7611    1655   15362   7500 |    1.60        0.00
--------|----------------------------------------------------------------------------|-------|-------------|-------|-------|-------|-------|--------|-----------
         Aggregated                                                                        29     0(0.00%) |   8042    1655   15362   7800 |    1.80        0.00

Type     Name                                                                          # reqs      # fails |    Avg     Min     Max    Med |   req/s  failures/s
--------|----------------------------------------------------------------------------|-------|-------------|-------|-------|-------|-------|--------|-----------
POST     long-rag                                                                           4     0(0.00%) |  15855   13693   17849  14000 |    0.20        0.00
POST     short                                                                             28     0(0.00%) |   7953    1655   17203   7500 |    1.40        0.00
--------|----------------------------------------------------------------------------|-------|-------------|-------|-------|-------|-------|--------|-----------
         Aggregated                                                                        32     0(0.00%) |   8941    1655   17849   7800 |    1.60        0.00

Type     Name                                                                          # reqs      # fails |    Avg     Min     Max    Med |   req/s  failures/s
--------|----------------------------------------------------------------------------|-------|-------------|-------|-------|-------|-------|--------|-----------
POST     long-rag                                                                           6     0(0.00%) |  17011   13693   19466  18000 |    0.20        0.00
POST     short                                                                             30     0(0.00%) |   8743    1655   19804   7800 |    1.20        0.00
--------|----------------------------------------------------------------------------|-------|-------------|-------|-------|-------|-------|--------|-----------
         Aggregated                                                                        36     0(0.00%) |  10121    1655   19804   9400 |    1.40        0.00

Type     Name                                                                          # reqs      # fails |    Avg     Min     Max    Med |   req/s  failures/s
--------|----------------------------------------------------------------------------|-------|-------------|-------|-------|-------|-------|--------|-----------
POST     long-rag                                                                           6     0(0.00%) |  17011   13693   19466  18000 |    0.60        0.00
POST     short                                                                             35     0(0.00%) |  10603    1655   22964   9400 |    0.90        0.00
--------|----------------------------------------------------------------------------|-------|-------------|-------|-------|-------|-------|--------|-----------
         Aggregated                                                                        41     0(0.00%) |  11540    1655   22964  11000 |    1.50        0.00

Type     Name                                                                          # reqs      # fails |    Avg     Min     Max    Med |   req/s  failures/s
--------|----------------------------------------------------------------------------|-------|-------------|-------|-------|-------|-------|--------|-----------
POST     long-rag                                                                           6     0(0.00%) |  17011   13693   19466  18000 |    0.60        0.00
POST     short                                                                             40     0(0.00%) |  12308    1655   24914  10000 |    1.10        0.00
--------|----------------------------------------------------------------------------|-------|-------------|-------|-------|-------|-------|--------|-----------
         Aggregated                                                                        46     0(0.00%) |  12922    1655   24914  12000 |    1.70        0.00

Type     Name                                                                          # reqs      # fails |    Avg     Min     Max    Med |   req/s  failures/s
--------|----------------------------------------------------------------------------|-------|-------------|-------|-------|-------|-------|--------|-----------
POST     long-rag                                                                           7     0(0.00%) |  18213   13693   25420  18000 |    0.40        0.00
POST     short                                                                             41     0(0.00%) |  12618    1655   24995  11000 |    1.20        0.00
--------|----------------------------------------------------------------------------|-------|-------------|-------|-------|-------|-------|--------|-----------
         Aggregated                                                                        48     0(0.00%) |  13433    1655   25420  13000 |    1.60        0.00

Type     Name                                                                          # reqs      # fails |    Avg     Min     Max    Med |   req/s  failures/s
--------|----------------------------------------------------------------------------|-------|-------------|-------|-------|-------|-------|--------|-----------
POST     long-rag                                                                           9     0(0.00%) |  20255   13693   27696  19000 |    0.50        0.00
POST     short                                                                             44     0(0.00%) |  13532    1655   26732  11000 |    1.30        0.00
--------|----------------------------------------------------------------------------|-------|-------------|-------|-------|-------|-------|--------|-----------
         Aggregated                                                                        53     0(0.00%) |  14674    1655   27696  14000 |    1.80        0.00

Type     Name                                                                          # reqs      # fails |    Avg     Min     Max    Med |   req/s  failures/s
--------|----------------------------------------------------------------------------|-------|-------------|-------|-------|-------|-------|--------|-----------
POST     long-rag                                                                           9     0(0.00%) |  20255   13693   27696  19000 |    0.40        0.00
POST     short                                                                             47     0(0.00%) |  14360    1655   27021  13000 |    1.40        0.00
--------|----------------------------------------------------------------------------|-------|-------------|-------|-------|-------|-------|--------|-----------
         Aggregated                                                                        56     0(0.00%) |  15308    1655   27696  15000 |    1.80        0.00

Type     Name                                                                          # reqs      # fails |    Avg     Min     Max    Med |   req/s  failures/s
--------|----------------------------------------------------------------------------|-------|-------------|-------|-------|-------|-------|--------|-----------
POST     long-rag                                                                          10     0(0.00%) |  21467   13693   32372  19000 |    0.30        0.00
POST     short                                                                             48     0(0.00%) |  14603    1655   27021  13000 |    1.50        0.00
--------|----------------------------------------------------------------------------|-------|-------------|-------|-------|-------|-------|--------|-----------
         Aggregated                                                                        58     0(0.00%) |  15787    1655   32372  15000 |    1.80        0.00

Type     Name                                                                          # reqs      # fails |    Avg     Min     Max    Med |   req/s  failures/s
--------|----------------------------------------------------------------------------|-------|-------------|-------|-------|-------|-------|--------|-----------
POST     long-rag                                                                          10     0(0.00%) |  21467   13693   32372  19000 |    0.30        0.00
POST     short                                                                             51     0(0.00%) |  15379    1655   27869  15000 |    1.40        0.00
--------|----------------------------------------------------------------------------|-------|-------------|-------|-------|-------|-------|--------|-----------
         Aggregated                                                                        61     0(0.00%) |  16377    1655   32372  18000 |    1.70        0.00

Type     Name                                                                          # reqs      # fails |    Avg     Min     Max    Med |   req/s  failures/s
--------|----------------------------------------------------------------------------|-------|-------------|-------|-------|-------|-------|--------|-----------
POST     long-rag                                                                          12     0(0.00%) |  22830   13693   32372  19000 |    0.40        0.00
POST     short                                                                             53     0(0.00%) |  15891    1655   29639  15000 |    1.30        0.00
--------|----------------------------------------------------------------------------|-------|-------------|-------|-------|-------|-------|--------|-----------
         Aggregated                                                                        65     0(0.00%) |  17172    1655   32372  19000 |    1.70        0.00

Type     Name                                                                          # reqs      # fails |    Avg     Min     Max    Med |   req/s  failures/s
--------|----------------------------------------------------------------------------|-------|-------------|-------|-------|-------|-------|--------|-----------
POST     long-rag                                                                          12     0(0.00%) |  22830   13693   32372  19000 |    0.40        0.00
POST     short                                                                             56     0(0.00%) |  16574    1655   29639  17000 |    1.20        0.00
--------|----------------------------------------------------------------------------|-------|-------------|-------|-------|-------|-------|--------|-----------
         Aggregated                                                                        68     0(0.00%) |  17678    1655   32372  19000 |    1.60        0.00

Type     Name                                                                          # reqs      # fails |    Avg     Min     Max    Med |   req/s  failures/s
--------|----------------------------------------------------------------------------|-------|-------------|-------|-------|-------|-------|--------|-----------
POST     long-rag                                                                          12     0(0.00%) |  22830   13693   32372  19000 |    0.40        0.00
POST     short                                                                             60     0(0.00%) |  17593    1655   39407  20000 |    1.30        0.00
--------|----------------------------------------------------------------------------|-------|-------------|-------|-------|-------|-------|--------|-----------
         Aggregated                                                                        72     0(0.00%) |  18466    1655   39407  20000 |    1.70        0.00

Type     Name                                                                          # reqs      # fails |    Avg     Min     Max    Med |   req/s  failures/s
--------|----------------------------------------------------------------------------|-------|-------------|-------|-------|-------|-------|--------|-----------
POST     long-rag                                                                          12     0(0.00%) |  22830   13693   32372  19000 |    0.30        0.00
POST     short                                                                             63     0(0.00%) |  18095    1655   39407  21000 |    1.40        0.00
--------|----------------------------------------------------------------------------|-------|-------------|-------|-------|-------|-------|--------|-----------
         Aggregated                                                                        75     0(0.00%) |  18853    1655   39407  21000 |    1.70        0.00

Type     Name                                                                          # reqs      # fails |    Avg     Min     Max    Med |   req/s  failures/s
--------|----------------------------------------------------------------------------|-------|-------------|-------|-------|-------|-------|--------|-----------
POST     long-rag                                                                          13     0(0.00%) |  23469   13693   32372  25000 |    0.30        0.00
POST     short                                                                             66     0(0.00%) |  18576    1655   39407  22000 |    1.40        0.00
--------|----------------------------------------------------------------------------|-------|-------------|-------|-------|-------|-------|--------|-----------
         Aggregated                                                                        79     0(0.00%) |  19381    1655   39407  22000 |    1.70        0.00

Type     Name                                                                          # reqs      # fails |    Avg     Min     Max    Med |   req/s  failures/s
--------|----------------------------------------------------------------------------|-------|-------------|-------|-------|-------|-------|--------|-----------
POST     long-rag                                                                          13     0(0.00%) |  23469   13693   32372  25000 |    0.30        0.00
POST     short                                                                             69     0(0.00%) |  18960    1655   39407  23000 |    1.50        0.00
--------|----------------------------------------------------------------------------|-------|-------------|-------|-------|-------|-------|--------|-----------
         Aggregated                                                                        82     0(0.00%) |  19675    1655   39407  23000 |    1.80        0.00

Type     Name                                                                          # reqs      # fails |    Avg     Min     Max    Med |   req/s  failures/s
--------|----------------------------------------------------------------------------|-------|-------------|-------|-------|-------|-------|--------|-----------
POST     long-rag                                                                          14     0(0.00%) |  23944   13693   32372  25000 |    0.20        0.00
POST     short                                                                             72     0(0.00%) |  19315    1655   39407  23000 |    1.60        0.00
--------|----------------------------------------------------------------------------|-------|-------------|-------|-------|-------|-------|--------|-----------
         Aggregated                                                                        86     0(0.00%) |  20069    1655   39407  24000 |    1.80        0.00

Type     Name                                                                          # reqs      # fails |    Avg     Min     Max    Med |   req/s  failures/s
--------|----------------------------------------------------------------------------|-------|-------------|-------|-------|-------|-------|--------|-----------
POST     long-rag                                                                          14     0(0.00%) |  23944   13693   32372  25000 |    0.10        0.00
POST     short                                                                             76     0(0.00%) |  19785    1655   39407  25000 |    1.60        0.00
--------|----------------------------------------------------------------------------|-------|-------------|-------|-------|-------|-------|--------|-----------
         Aggregated                                                                        90     0(0.00%) |  20432    1655   39407  25000 |    1.70        0.00

Type     Name                                                                          # reqs      # fails |    Avg     Min     Max    Med |   req/s  failures/s
--------|----------------------------------------------------------------------------|-------|-------------|-------|-------|-------|-------|--------|-----------
POST     long-rag                                                                          14     0(0.00%) |  23944   13693   32372  25000 |    0.20        0.00
POST     short                                                                             80     0(0.00%) |  20178    1655   39407  25000 |    1.60        0.00
--------|----------------------------------------------------------------------------|-------|-------------|-------|-------|-------|-------|--------|-----------
         Aggregated                                                                        94     0(0.00%) |  20738    1655   39407  25000 |    1.80        0.00

Type     Name                                                                          # reqs      # fails |    Avg     Min     Max    Med |   req/s  failures/s
--------|----------------------------------------------------------------------------|-------|-------------|-------|-------|-------|-------|--------|-----------
POST     long-rag                                                                          14     0(0.00%) |  23944   13693   32372  25000 |    0.20        0.00
POST     short                                                                             84     0(0.00%) |  20532    1655   39407  25000 |    1.70        0.00
--------|----------------------------------------------------------------------------|-------|-------------|-------|-------|-------|-------|--------|-----------
         Aggregated                                                                        98     0(0.00%) |  21019    1655   39407  25000 |    1.90        0.00

Type     Name                                                                          # reqs      # fails |    Avg     Min     Max    Med |   req/s  failures/s
--------|----------------------------------------------------------------------------|-------|-------------|-------|-------|-------|-------|--------|-----------
POST     long-rag                                                                          14     0(0.00%) |  23944   13693   32372  25000 |    0.10        0.00
POST     short                                                                             88     0(0.00%) |  20837    1655   39407  26000 |    1.70        0.00
--------|----------------------------------------------------------------------------|-------|-------------|-------|-------|-------|-------|--------|-----------
         Aggregated                                                                       102     0(0.00%) |  21263    1655   39407  26000 |    1.80        0.00

[2026-08-20 22:59:58,444] Nhats-MBP-2/INFO/locust.main: --run-time limit reached, shutting down
[2026-08-20 22:59:58,468] Nhats-MBP-2/INFO/locust.main: Shutting down (exit code 0)
Type     Name                                                                          # reqs      # fails |    Avg     Min     Max    Med |   req/s  failures/s
--------|----------------------------------------------------------------------------|-------|-------------|-------|-------|-------|-------|--------|-----------
POST     long-rag                                                                          14     0(0.00%) |  23944   13693   32372  25000 |    0.24        0.00
POST     short                                                                             92     0(0.00%) |  21132    1655   39407  27000 |    1.55        0.00
--------|----------------------------------------------------------------------------|-------|-------------|-------|-------|-------|-------|--------|-----------
         Aggregated                                                                       106     0(0.00%) |  21503    1655   39407  27000 |    1.78        0.00

Response time percentiles (approximated)
Type     Name                                                                                  50%    66%    75%    80%    90%    95%    98%    99%  99.9% 99.99%   100% # reqs
--------|--------------------------------------------------------------------------------|--------|------|------|------|------|------|------|------|------|------|------|------
POST     long-rag                                                                            27000  30000  30000  30000  31000  32000  32000  32000  32000  32000  32000     14
POST     short                                                                               27000  28000  28000  28000  29000  29000  30000  39000  39000  39000  39000     92
--------|--------------------------------------------------------------------------------|--------|------|------|------|------|------|------|------|------|------|------|------
         Aggregated                                                                          27000  28000  28000  28000  29000  30000  31000  32000  39000  39000  39000    106


===============================================================================
FINISHED: 2026-08-20 22:59:58 +07   ELAPSED: 60s   EXIT CODE: 0
===============================================================================
